<?xml version="1.0" encoding="UTF-8"?>
<testsuites name="jest tests" tests="1" failures="0" errors="0" time="9.585">
  <testsuite name="undefined" errors="0" failures="0" skipped="0" timestamp="2021-04-29T13:01:40" time="8.032" tests="1">
    <testcase classname=" displays the title &quot;React App&quot;" name=" displays the title &quot;React App&quot;" time="0.009">
    </testcase>
  </testsuite>
</testsuites>